[2026-04-04 21:46:36] sistema         PROGRAMA INICIADO
[2026-04-04 21:47:17] irene           REGISTRO OK
[2026-04-04 21:47:30] lorena          LOGIN OK
[2026-04-04 21:48:49] lorena          PRODUCTO ANYADIDO id=504 Crimen y Castigo tienda=Casa del Libro
[2026-04-04 21:49:39] lorena          SESION CERRADA
[2026-04-06 01:58:12] sistema         PROGRAMA INICIADO
[2026-04-06 02:03:59] admin           LOGIN OK (admin)
[2026-04-06 02:06:23] sistema         PROGRAMA INICIADO
[2026-04-06 02:07:12] julen           REGISTRO OK
[2026-04-06 02:09:14] lorena          LOGIN OK
[2026-04-06 02:10:11] sistema         PROGRAMA INICIADO
[2026-04-06 02:10:22] lorena          LOGIN FALLIDO
[2026-04-06 02:10:40] lorena          LOGIN FALLIDO
[2026-04-06 02:11:10] lorena          LOGIN FALLIDO
[2026-04-06 02:37:26] Julen Ortiz Ramirez  LOGIN FALLIDO
[2026-04-06 02:37:27]                 LOGIN FALLIDO
[2026-04-06 02:37:28]                 LOGIN FALLIDO
[2026-04-06 02:37:40] lorena          LOGIN OK
[2026-04-06 02:38:43] lorena          SESION CERRADA
[2026-04-06 02:41:03] sistema         PROGRAMA INICIADO
[2026-04-06 02:41:14] lorena          LOGIN FALLIDO
[2026-04-06 02:41:20] lorena          LOGIN OK
[2026-04-06 02:44:29] lorena          TIENDA ANYADIDA id=6 Fnac
[2026-04-06 02:45:36] lorena          TIENDA ELIMINADA id=6
[2026-04-06 02:52:20] lorena          PRODUCTO ANYADIDO id=595 Crimen y Castigo tienda=Zara
[2026-04-06 02:55:13] lorena          PRODUCTO MODIFICADO id=101 precio=17.00 stock=65
[2026-04-06 03:01:56] lorena          PELICULA ANYADIDA id=5 sala=2 Alien Romulus
[2026-04-06 03:03:03] lorena          PELICULA ELIMINADA id=5
[2026-04-06 03:04:04] lorena          ASIENTO RESERVADO pelicula=1 fila=2 col=5
[2026-04-06 03:32:09] lorena          SESION CERRADA
[2026-04-06 03:32:30] sistema         PROGRAMA INICIADO
[2026-04-06 03:32:34] sistema         PROGRAMA CERRADO
[2026-04-07 12:59:44] sistema         PROGRAMA INICIADO
[2026-04-07 12:59:58] lorena          LOGIN OK
[2026-04-07 13:15:37] lorena          SESION CERRADA
[2026-05-08 13:13:30] sistema         SERVIDOR INICIADO
[2026-05-08 13:13:30] sistema         Escuchando conexiones
[2026-05-08 13:13:59] sistema         SERVIDOR INICIADO
[2026-05-08 13:13:59] sistema         Escuchando conexiones
[2026-05-08 13:15:30] sistema         SERVIDOR INICIADO
[2026-05-08 13:15:30] sistema         Escuchando conexiones
[2026-05-08 13:16:08] servidor        Cliente conectado
[2026-05-08 13:16:51] servidor        LOGIN|admin|1234
[2026-05-08 13:16:51] admin           LOGIN OK
[2026-05-08 13:17:18] servidor        GET_TIENDAS
[2026-05-08 13:17:29] servidor        GET_CARTELERA
[2026-05-08 13:19:46] servidor        LOGOUT
[2026-05-08 13:19:46] admin           LOGOUT
[2026-05-08 13:19:51] servidor        EXIT
[2026-05-08 13:19:51] ?               DESCONEXION
[2026-05-08 13:19:51] servidor        Cliente desconectado
[2026-05-19 11:49:04] sistema         SERVIDOR INICIADO
[2026-05-19 11:49:04] sistema         Escuchando conexiones
[2026-05-19 11:50:00] sistema         SERVIDOR INICIADO
[2026-05-19 11:50:00] sistema         Escuchando conexiones
[2026-05-19 11:50:07] servidor        Cliente conectado
[2026-05-19 11:50:12] servidor        EXIT
[2026-05-19 11:50:12] ?               DESCONEXION
[2026-05-19 11:50:12] servidor        Cliente desconectado
[2026-05-19 11:59:51] sistema         SERVIDOR INICIADO
[2026-05-19 11:59:52] sistema         Escuchando conexiones
[2026-05-19 12:01:29] sistema         SERVIDOR INICIADO
[2026-05-19 12:01:29] sistema         Escuchando conexiones
[2026-05-19 12:01:33] servidor        Cliente conectado
[2026-05-19 12:04:40] servidor        LOGIN|Irene|1234
[2026-05-19 12:04:40] Irene           LOGIN FALLIDO
[2026-05-19 12:07:43] servidor        LOGIN|Admin|1234
[2026-05-19 12:07:43] Admin           LOGIN FALLIDO
[2026-05-19 12:08:45] servidor        EXIT
[2026-05-19 12:08:45] ?               DESCONEXION
[2026-05-19 12:08:45] servidor        Cliente desconectado
[2026-05-19 12:09:58] sistema         SERVIDOR INICIADO
[2026-05-19 12:09:58] sistema         Escuchando conexiones
[2026-05-19 12:11:04] servidor        Cliente conectado
[2026-05-19 12:12:27] servidor        EXIT
[2026-05-19 12:12:27] ?               DESCONEXION
[2026-05-19 12:12:27] servidor        Cliente desconectado
[2026-05-19 12:13:59] servidor        Cliente conectado
[2026-05-19 12:14:09] servidor        LOGIN|Lorena|1234
[2026-05-19 12:14:09] Lorena          LOGIN FALLIDO
[2026-05-19 12:20:09] servidor        LOGIN|Maria|12234
[2026-05-19 12:20:09] Maria           LOGIN FALLIDO
[2026-05-19 12:20:47] servidor        EXIT
[2026-05-19 12:20:47] ?               DESCONEXION
[2026-05-19 12:20:47] servidor        Cliente desconectado
[2026-05-19 12:25:53] sistema         SERVIDOR INICIADO
[2026-05-19 12:25:53] sistema         Escuchando conexiones
[2026-05-19 12:25:58] servidor        Cliente conectado
[2026-05-19 12:26:04] servidor        LOGIN|admin|1234
[2026-05-19 12:26:04] admin           LOGIN OK
[2026-05-19 12:26:24] servidor        LOGOUT
[2026-05-19 12:26:24] admin           LOGOUT
[2026-05-19 12:26:30] servidor        LOGIN|irene|1234
[2026-05-19 12:26:30] irene           LOGIN OK
[2026-05-19 12:36:10] servidor        GET_TIENDAS
[2026-05-19 12:36:56] servidor        Cliente desconectado
[2026-05-19 12:37:03] servidor        Cliente conectado
[2026-05-19 12:37:09] servidor        LOGIN|irene|1234
[2026-05-19 12:37:09] irene           LOGIN OK
[2026-05-19 12:37:11] servidor        GET_TIENDAS
[2026-05-19 12:37:31] servidor        ADD_TIENDA|6|Adidas
[2026-05-19 12:37:31] irene           TIENDA ANYADIDA id=6
[2026-05-19 12:37:31] servidor        GET_TIENDAS
[2026-05-19 12:38:41] servidor        DEL_TIENDA|7
[2026-05-19 12:38:41] servidor        GET_TIENDAS
[2026-05-19 12:39:22] servidor        DEL_TIENDA|6
[2026-05-19 12:39:22] irene           TIENDA ELIMINADA id=6
[2026-05-19 12:39:22] servidor        GET_TIENDAS
[2026-05-19 12:40:38] servidor        ADD_TIENDA|1|Zara
[2026-05-19 12:40:38] servidor        GET_TIENDAS
[2026-05-19 12:41:47] servidor        GET_PRODUCTOS|1
[2026-05-19 12:42:27] servidor        ADD_PRODUCTO|101|1|Camiseta Basica|17.00|65
[2026-05-19 12:43:12] servidor        ADD_PRODUCTO|666|1|Asi es la puta vida|28.50|57
[2026-05-19 12:43:12] irene           PRODUCTO ANYADIDO id=666 Asi es la puta vida
[2026-05-19 12:43:34] servidor        GET_PRODUCTOS|1
[2026-05-19 12:45:05] servidor        ADD_PRODUCTO|111|1|Rubius. Jap¢n 2009|20.80|100
[2026-05-19 12:45:05] irene           PRODUCTO ANYADIDO id=111 Rubius. Jap¢n 2009
[2026-05-19 12:45:07] servidor        GET_PRODUCTOS|1
[2026-05-19 12:45:13] servidor        DEL_PRODUCTO|1|111
[2026-05-19 12:45:13] irene           PRODUCTO ELIMINADO id=111
[2026-05-19 12:45:35] servidor        GET_PRODUCTOS|1
[2026-05-19 12:46:03] servidor        MOD_PRODUCTO|1|666|27.37|69
[2026-05-19 12:46:03] irene           PRODUCTO MODIFICADO id=666 precio=27.37 stock=69
[2026-05-19 12:46:28] servidor        GET_PRODUCTOS|1
[2026-05-19 12:46:57] servidor        GET_CARTELERA
[2026-05-19 12:48:47] servidor        ADD_PELICULA|5|HUMINT|4|19:45|7|8
[2026-05-19 12:48:47] irene           PELICULA ANYADIDA id=5 HUMINT
[2026-05-19 12:48:47] servidor        GET_CARTELERA
[2026-05-19 12:49:32] servidor        DEL_PELICULA|5
[2026-05-19 12:49:32] irene           PELICULA ELIMINADA id=5
[2026-05-19 12:49:32] servidor        GET_CARTELERA
[2026-05-19 12:50:09] servidor        GET_SALA|1
[2026-05-19 12:50:15] servidor        RESERVAR|1|4|3
[2026-05-19 12:50:15] irene           ASIENTO RESERVADO pelicula=1 fila=4 col=3
[2026-05-19 12:51:10] servidor        GET_SALA|1
[2026-05-19 12:51:30] servidor        GET_SALA|3
[2026-05-19 12:51:42] servidor        LOGOUT
[2026-05-19 12:51:42] irene           LOGOUT
[2026-05-19 12:51:46] servidor        EXIT
[2026-05-19 12:51:46] ?               DESCONEXION
[2026-05-19 12:51:46] servidor        Cliente desconectado
